// Vitest Snapshot v1, https://vitest.dev/guide/snapshot.html

exports[`DiagnosisSearch > RTL support > matches LTR snapshot 1`] = `
<div>
  <div
    dir="ltr"
  >
    <div
      class="space-y-3"
    >
      <h3
        class="text-2xl font-semibold tracking-tight text-foreground"
      >
        Diagnosis
      </h3>
      <div
        aria-label="Diagnosis rank"
        class="flex gap-2"
        role="radiogroup"
      >
        <button
          aria-checked="true"
          class="group/button inline-flex shrink-0 items-center justify-center rounded-full border border-transparent bg-clip-padding text-sm font-medium whitespace-nowrap transition-all outline-none select-none focus-visible:border-ring focus-visible:ring-2 focus-visible:ring-ring/30 active:not-aria-[haspopup]:translate-y-px disabled:pointer-events-none disabled:opacity-50 aria-invalid:border-destructive aria-invalid:ring-2 aria-invalid:ring-destructive/20 [&_svg]:pointer-events-none [&_svg]:shrink-0 [&_svg:not([class*='size-'])]:size-4 bg-primary text-primary-foreground hover:bg-primary/80 h-9 gap-1.5 px-4"
          data-size="default"
          data-slot="button"
          data-variant="default"
          role="radio"
        >
          Primary
        </button>
        <button
          aria-checked="false"
          class="group/button inline-flex shrink-0 items-center justify-center rounded-full border border-transparent bg-clip-padding text-sm font-medium whitespace-nowrap transition-all outline-none select-none focus-visible:border-ring focus-visible:ring-2 focus-visible:ring-ring/30 active:not-aria-[haspopup]:translate-y-px disabled:pointer-events-none disabled:opacity-50 aria-invalid:border-destructive aria-invalid:ring-2 aria-invalid:ring-destructive/20 [&_svg]:pointer-events-none [&_svg]:shrink-0 [&_svg:not([class*='size-'])]:size-4 bg-secondary text-secondary-foreground hover:bg-secondary/80 h-9 gap-1.5 px-4"
          data-size="default"
          data-slot="button"
          data-variant="secondary"
          role="radio"
        >
          Secondary
        </button>
      </div>
      <div
        class="relative"
      >
        <input
          aria-controls="diagnosis-results"
          aria-expanded="false"
          aria-label="Search diagnoses"
          class="w-full rounded-xl border border-border bg-background px-4 py-3 text-base text-foreground placeholder:text-muted-foreground transition-colors focus:outline-none focus:ring-2 focus:border-primary focus:ring-ring disabled:opacity-50 disabled:cursor-not-allowed"
          placeholder="Search ICD-10 code or diagnosis name..."
          role="combobox"
          type="text"
          value=""
        />
      </div>
    </div>
  </div>
</div>
`;

exports[`DiagnosisSearch > RTL support > matches RTL snapshot 1`] = `
<div>
  <div
    dir="rtl"
  >
    <div
      class="space-y-3"
    >
      <h3
        class="text-2xl font-semibold tracking-tight text-foreground"
      >
        Diagnosis
      </h3>
      <div
        aria-label="Diagnosis rank"
        class="flex gap-2"
        role="radiogroup"
      >
        <button
          aria-checked="true"
          class="group/button inline-flex shrink-0 items-center justify-center rounded-full border border-transparent bg-clip-padding text-sm font-medium whitespace-nowrap transition-all outline-none select-none focus-visible:border-ring focus-visible:ring-2 focus-visible:ring-ring/30 active:not-aria-[haspopup]:translate-y-px disabled:pointer-events-none disabled:opacity-50 aria-invalid:border-destructive aria-invalid:ring-2 aria-invalid:ring-destructive/20 [&_svg]:pointer-events-none [&_svg]:shrink-0 [&_svg:not([class*='size-'])]:size-4 bg-primary text-primary-foreground hover:bg-primary/80 h-9 gap-1.5 px-4"
          data-size="default"
          data-slot="button"
          data-variant="default"
          role="radio"
        >
          Primary
        </button>
        <button
          aria-checked="false"
          class="group/button inline-flex shrink-0 items-center justify-center rounded-full border border-transparent bg-clip-padding text-sm font-medium whitespace-nowrap transition-all outline-none select-none focus-visible:border-ring focus-visible:ring-2 focus-visible:ring-ring/30 active:not-aria-[haspopup]:translate-y-px disabled:pointer-events-none disabled:opacity-50 aria-invalid:border-destructive aria-invalid:ring-2 aria-invalid:ring-destructive/20 [&_svg]:pointer-events-none [&_svg]:shrink-0 [&_svg:not([class*='size-'])]:size-4 bg-secondary text-secondary-foreground hover:bg-secondary/80 h-9 gap-1.5 px-4"
          data-size="default"
          data-slot="button"
          data-variant="secondary"
          role="radio"
        >
          Secondary
        </button>
      </div>
      <div
        class="relative"
      >
        <input
          aria-controls="diagnosis-results"
          aria-expanded="false"
          aria-label="Search diagnoses"
          class="w-full rounded-xl border border-border bg-background px-4 py-3 text-base text-foreground placeholder:text-muted-foreground transition-colors focus:outline-none focus:ring-2 focus:border-primary focus:ring-ring disabled:opacity-50 disabled:cursor-not-allowed"
          placeholder="Search ICD-10 code or diagnosis name..."
          role="combobox"
          type="text"
          value=""
        />
      </div>
    </div>
  </div>
</div>
`;
