// Vitest Snapshot v1, https://vitest.dev/guide/snapshot.html

exports[`QualityDashboard RTL snapshots > LTR snapshot matches expected structure 1`] = `
<div
  class="space-y-8 p-4 max-w-3xl mx-auto"
  dir="auto"
>
  <section
    aria-labelledby="streaks-heading"
  >
    <h2
      class="text-lg font-semibold mb-4 text-foreground"
      id="streaks-heading"
    >
      Your Quality Streaks
    </h2>
    <div
      class="grid grid-cols-1 sm:grid-cols-2 gap-4"
    >
      <div
        class="rounded-xl border border-border bg-card p-6 shadow-sm flex flex-col gap-3"
      >
        <div
          class="flex items-center gap-2 text-sm font-medium text-muted-foreground"
        >
          <svg
            aria-hidden="true"
            class="lucide lucide-flame"
            fill="none"
            height="16"
            stroke="currentColor"
            stroke-linecap="round"
            stroke-linejoin="round"
            stroke-width="2"
            viewBox="0 0 24 24"
            width="16"
            xmlns="http://www.w3.org/2000/svg"
          >
            <path
              d="M12 3q1 4 4 6.5t3 5.5a1 1 0 0 1-14 0 5 5 0 0 1 1-3 1 1 0 0 0 5 0c0-2-1.5-3-1.5-5q0-2 2.5-4"
            />
          </svg>
          <span>
            QC Passing Days
          </span>
        </div>
        <div
          class="flex items-baseline gap-2"
        >
          <span
            aria-label="0 days"
            class="text-5xl font-bold tabular-nums text-foreground"
          >
            0
          </span>
          <span
            class="text-sm text-muted-foreground"
          >
            days
          </span>
        </div>
        <p
          class="text-xs text-muted-foreground"
        >
          Your best
          : 
          <strong>
            0
          </strong>
           
          days
        </p>
      </div>
      <div
        class="rounded-xl border border-border bg-card p-6 shadow-sm flex flex-col gap-3"
      >
        <div
          class="flex items-center gap-2 text-sm font-medium text-muted-foreground"
        >
          <svg
            aria-hidden="true"
            class="lucide lucide-shield"
            fill="none"
            height="16"
            stroke="currentColor"
            stroke-linecap="round"
            stroke-linejoin="round"
            stroke-width="2"
            viewBox="0 0 24 24"
            width="16"
            xmlns="http://www.w3.org/2000/svg"
          >
            <path
              d="M20 13c0 5-3.5 7.5-7.66 8.95a1 1 0 0 1-.67-.01C7.5 20.5 4 18 4 13V6a1 1 0 0 1 1-1c2 0 4.5-1.2 6.24-2.72a1.17 1.17 0 0 1 1.52 0C14.51 3.81 17 5 19 5a1 1 0 0 1 1 1z"
            />
          </svg>
          <span>
            Zero Rejection Days
          </span>
        </div>
        <div
          class="flex items-baseline gap-2"
        >
          <span
            aria-label="91 days"
            class="text-5xl font-bold tabular-nums text-foreground"
          >
            91
          </span>
          <span
            class="text-sm text-muted-foreground"
          >
            days
          </span>
        </div>
        <p
          class="text-xs text-muted-foreground"
        >
          Your best
          : 
          <strong>
            91
          </strong>
           
          days
        </p>
      </div>
    </div>
  </section>
  <section
    aria-labelledby="metrics-heading"
  >
    <h2
      class="text-lg font-semibold mb-4 text-foreground"
      id="metrics-heading"
    >
      This Month's Quality Metrics
    </h2>
    <div
      class="grid grid-cols-2 sm:grid-cols-4 gap-4"
    >
      <div
        class="rounded-xl border border-border bg-card p-4 shadow-sm flex flex-col gap-2"
      >
        <p
          class="text-xs font-medium text-muted-foreground"
        >
          hemoglobin_cv
        </p>
        <div
          class="flex items-center gap-2"
        >
          <span
            class="text-3xl font-bold tabular-nums text-foreground"
          >
            0
          </span>
          <span
            class="text-sm text-muted-foreground"
          >
            %
          </span>
          <span
            aria-hidden="true"
            class="text-muted-foreground"
          >
            <svg
              aria-hidden="true"
              class="lucide lucide-minus"
              fill="none"
              height="14"
              stroke="currentColor"
              stroke-linecap="round"
              stroke-linejoin="round"
              stroke-width="2"
              viewBox="0 0 24 24"
              width="14"
              xmlns="http://www.w3.org/2000/svg"
            >
              <path
                d="M5 12h14"
              />
            </svg>
          </span>
        </div>
      </div>
      <div
        class="rounded-xl border border-border bg-card p-4 shadow-sm flex flex-col gap-2"
      >
        <p
          class="text-xs font-medium text-muted-foreground"
        >
          turnaround_time
        </p>
        <div
          class="flex items-center gap-2"
        >
          <span
            class="text-3xl font-bold tabular-nums text-foreground"
          >
            0
          </span>
          <span
            class="text-sm text-muted-foreground"
          >
            minutes
          </span>
          <span
            aria-hidden="true"
            class="text-muted-foreground"
          >
            <svg
              aria-hidden="true"
              class="lucide lucide-minus"
              fill="none"
              height="14"
              stroke="currentColor"
              stroke-linecap="round"
              stroke-linejoin="round"
              stroke-width="2"
              viewBox="0 0 24 24"
              width="14"
              xmlns="http://www.w3.org/2000/svg"
            >
              <path
                d="M5 12h14"
              />
            </svg>
          </span>
        </div>
      </div>
      <div
        class="rounded-xl border border-border bg-card p-4 shadow-sm flex flex-col gap-2"
      >
        <p
          class="text-xs font-medium text-muted-foreground"
        >
          rejection_rate
        </p>
        <div
          class="flex items-center gap-2"
        >
          <span
            class="text-3xl font-bold tabular-nums text-foreground"
          >
            0
          </span>
          <span
            class="text-sm text-muted-foreground"
          >
            %
          </span>
          <span
            aria-hidden="true"
            class="text-muted-foreground"
          >
            <svg
              aria-hidden="true"
              class="lucide lucide-minus"
              fill="none"
              height="14"
              stroke="currentColor"
              stroke-linecap="round"
              stroke-linejoin="round"
              stroke-width="2"
              viewBox="0 0 24 24"
              width="14"
              xmlns="http://www.w3.org/2000/svg"
            >
              <path
                d="M5 12h14"
              />
            </svg>
          </span>
        </div>
      </div>
      <div
        class="rounded-xl border border-border bg-card p-4 shadow-sm flex flex-col gap-2"
      >
        <p
          class="text-xs font-medium text-muted-foreground"
        >
          training_completion
        </p>
        <div
          class="flex items-center gap-2"
        >
          <span
            class="text-3xl font-bold tabular-nums text-foreground"
          >
            0
          </span>
          <span
            class="text-sm text-muted-foreground"
          >
            %
          </span>
          <span
            aria-hidden="true"
            class="text-muted-foreground"
          >
            <svg
              aria-hidden="true"
              class="lucide lucide-minus"
              fill="none"
              height="14"
              stroke="currentColor"
              stroke-linecap="round"
              stroke-linejoin="round"
              stroke-width="2"
              viewBox="0 0 24 24"
              width="14"
              xmlns="http://www.w3.org/2000/svg"
            >
              <path
                d="M5 12h14"
              />
            </svg>
          </span>
        </div>
      </div>
    </div>
  </section>
  <section
    aria-labelledby="training-heading"
  >
    <h2
      class="text-lg font-semibold mb-4 text-foreground"
      id="training-heading"
    >
      Training Progress
    </h2>
    <div
      class="rounded-xl border border-border bg-card p-4 shadow-sm"
    >
      <div
        class="flex items-center justify-between mb-2"
      >
        <span
          class="text-sm text-muted-foreground"
        >
          Modules completed this quarter
        </span>
        <span
          class="text-sm font-semibold"
        >
          0
           / 
          0
        </span>
      </div>
      <div
        aria-valuemax="0"
        aria-valuenow="0"
        class="w-full bg-muted rounded-full h-2"
        role="progressbar"
      >
        <div
          class="bg-primary h-2 rounded-full transition-all"
          style="width: 0%;"
        />
      </div>
    </div>
  </section>
  <section
    aria-labelledby="badges-heading"
  >
    <h2
      class="text-lg font-semibold mb-4 text-foreground"
      id="badges-heading"
    >
      Your Achievements
    </h2>
    <div
      class="grid grid-cols-2 sm:grid-cols-3 md:grid-cols-4 gap-3"
    >
      <div
        aria-label="7-Day QC Streak — notYetEarned"
        class="rounded-xl border p-4 flex flex-col items-center gap-2 text-center transition-opacity border-border/50 bg-muted/30 opacity-50"
      >
        <span
          class="flex items-center justify-center text-current"
        >
          <svg
            aria-hidden="true"
            class="lucide lucide-flame"
            fill="none"
            height="22"
            stroke="currentColor"
            stroke-linecap="round"
            stroke-linejoin="round"
            stroke-width="2"
            viewBox="0 0 24 24"
            width="22"
            xmlns="http://www.w3.org/2000/svg"
          >
            <path
              d="M12 3q1 4 4 6.5t3 5.5a1 1 0 0 1-14 0 5 5 0 0 1 1-3 1 1 0 0 0 5 0c0-2-1.5-3-1.5-5q0-2 2.5-4"
            />
          </svg>
        </span>
        <p
          class="text-xs font-semibold text-foreground leading-tight"
        >
          7-Day QC Streak
        </p>
        <p
          class="text-xs text-muted-foreground italic"
        >
          keepWorking
        </p>
      </div>
      <div
        aria-label="30-Day QC Streak — notYetEarned"
        class="rounded-xl border p-4 flex flex-col items-center gap-2 text-center transition-opacity border-border/50 bg-muted/30 opacity-50"
      >
        <span
          class="flex items-center justify-center text-current"
        >
          <svg
            aria-hidden="true"
            class="lucide lucide-star"
            fill="none"
            height="22"
            stroke="currentColor"
            stroke-linecap="round"
            stroke-linejoin="round"
            stroke-width="2"
            viewBox="0 0 24 24"
            width="22"
            xmlns="http://www.w3.org/2000/svg"
          >
            <path
              d="M11.525 2.295a.53.53 0 0 1 .95 0l2.31 4.679a2.123 2.123 0 0 0 1.595 1.16l5.166.756a.53.53 0 0 1 .294.904l-3.736 3.638a2.123 2.123 0 0 0-.611 1.878l.882 5.14a.53.53 0 0 1-.771.56l-4.618-2.428a2.122 2.122 0 0 0-1.973 0L6.396 21.01a.53.53 0 0 1-.77-.56l.881-5.139a2.122 2.122 0 0 0-.611-1.879L2.16 9.795a.53.53 0 0 1 .294-.906l5.165-.755a2.122 2.122 0 0 0 1.597-1.16z"
            />
          </svg>
        </span>
        <p
          class="text-xs font-semibold text-foreground leading-tight"
        >
          30-Day QC Streak
        </p>
        <p
          class="text-xs text-muted-foreground italic"
        >
          keepWorking
        </p>
      </div>
      <div
        aria-label="90-Day QC Streak — notYetEarned"
        class="rounded-xl border p-4 flex flex-col items-center gap-2 text-center transition-opacity border-border/50 bg-muted/30 opacity-50"
      >
        <span
          class="flex items-center justify-center text-current"
        >
          <svg
            aria-hidden="true"
            class="lucide lucide-trophy"
            fill="none"
            height="22"
            stroke="currentColor"
            stroke-linecap="round"
            stroke-linejoin="round"
            stroke-width="2"
            viewBox="0 0 24 24"
            width="22"
            xmlns="http://www.w3.org/2000/svg"
          >
            <path
              d="M10 14.66v1.626a2 2 0 0 1-.976 1.696A5 5 0 0 0 7 21.978"
            />
            <path
              d="M14 14.66v1.626a2 2 0 0 0 .976 1.696A5 5 0 0 1 17 21.978"
            />
            <path
              d="M18 9h1.5a1 1 0 0 0 0-5H18"
            />
            <path
              d="M4 22h16"
            />
            <path
              d="M6 9a6 6 0 0 0 12 0V3a1 1 0 0 0-1-1H7a1 1 0 0 0-1 1z"
            />
            <path
              d="M6 9H4.5a1 1 0 0 1 0-5H6"
            />
          </svg>
        </span>
        <p
          class="text-xs font-semibold text-foreground leading-tight"
        >
          90-Day QC Streak
        </p>
        <p
          class="text-xs text-muted-foreground italic"
        >
          keepWorking
        </p>
      </div>
      <div
        aria-label="7-Day Zero Rejections — earned 2026-06-05T19:24:57.159Z"
        class="rounded-xl border p-4 flex flex-col items-center gap-2 text-center transition-opacity border-border bg-card shadow-sm"
      >
        <span
          class="flex items-center justify-center text-current"
        >
          <svg
            aria-hidden="true"
            class="lucide lucide-shield"
            fill="none"
            height="22"
            stroke="currentColor"
            stroke-linecap="round"
            stroke-linejoin="round"
            stroke-width="2"
            viewBox="0 0 24 24"
            width="22"
            xmlns="http://www.w3.org/2000/svg"
          >
            <path
              d="M20 13c0 5-3.5 7.5-7.66 8.95a1 1 0 0 1-.67-.01C7.5 20.5 4 18 4 13V6a1 1 0 0 1 1-1c2 0 4.5-1.2 6.24-2.72a1.17 1.17 0 0 1 1.52 0C14.51 3.81 17 5 19 5a1 1 0 0 1 1 1z"
            />
          </svg>
        </span>
        <p
          class="text-xs font-semibold text-foreground leading-tight"
        >
          7-Day Zero Rejections
        </p>
        <p
          class="text-xs text-muted-foreground"
        >
          earned
           
          2026-06-05
        </p>
      </div>
      <div
        aria-label="30-Day Zero Rejections — earned 2026-06-05T19:24:57.159Z"
        class="rounded-xl border p-4 flex flex-col items-center gap-2 text-center transition-opacity border-border bg-card shadow-sm"
      >
        <span
          class="flex items-center justify-center text-current"
        >
          <svg
            aria-hidden="true"
            class="lucide lucide-shield-check"
            fill="none"
            height="22"
            stroke="currentColor"
            stroke-linecap="round"
            stroke-linejoin="round"
            stroke-width="2"
            viewBox="0 0 24 24"
            width="22"
            xmlns="http://www.w3.org/2000/svg"
          >
            <path
              d="M20 13c0 5-3.5 7.5-7.66 8.95a1 1 0 0 1-.67-.01C7.5 20.5 4 18 4 13V6a1 1 0 0 1 1-1c2 0 4.5-1.2 6.24-2.72a1.17 1.17 0 0 1 1.52 0C14.51 3.81 17 5 19 5a1 1 0 0 1 1 1z"
            />
            <path
              d="m9 12 2 2 4-4"
            />
          </svg>
        </span>
        <p
          class="text-xs font-semibold text-foreground leading-tight"
        >
          30-Day Zero Rejections
        </p>
        <p
          class="text-xs text-muted-foreground"
        >
          earned
           
          2026-06-05
        </p>
      </div>
      <div
        aria-label="First Module Completed — notYetEarned"
        class="rounded-xl border p-4 flex flex-col items-center gap-2 text-center transition-opacity border-border/50 bg-muted/30 opacity-50"
      >
        <span
          class="flex items-center justify-center text-current"
        >
          <svg
            aria-hidden="true"
            class="lucide lucide-book-open"
            fill="none"
            height="22"
            stroke="currentColor"
            stroke-linecap="round"
            stroke-linejoin="round"
            stroke-width="2"
            viewBox="0 0 24 24"
            width="22"
            xmlns="http://www.w3.org/2000/svg"
          >
            <path
              d="M12 7v14"
            />
            <path
              d="M3 18a1 1 0 0 1-1-1V4a1 1 0 0 1 1-1h5a4 4 0 0 1 4 4 4 4 0 0 1 4-4h5a1 1 0 0 1 1 1v13a1 1 0 0 1-1 1h-6a3 3 0 0 0-3 3 3 3 0 0 0-3-3z"
            />
          </svg>
        </span>
        <p
          class="text-xs font-semibold text-foreground leading-tight"
        >
          First Module Completed
        </p>
        <p
          class="text-xs text-muted-foreground italic"
        >
          keepWorking
        </p>
      </div>
      <div
        aria-label="5 Modules Completed — notYetEarned"
        class="rounded-xl border p-4 flex flex-col items-center gap-2 text-center transition-opacity border-border/50 bg-muted/30 opacity-50"
      >
        <span
          class="flex items-center justify-center text-current"
        >
          <svg
            aria-hidden="true"
            class="lucide lucide-star"
            fill="none"
            height="22"
            stroke="currentColor"
            stroke-linecap="round"
            stroke-linejoin="round"
            stroke-width="2"
            viewBox="0 0 24 24"
            width="22"
            xmlns="http://www.w3.org/2000/svg"
          >
            <path
              d="M11.525 2.295a.53.53 0 0 1 .95 0l2.31 4.679a2.123 2.123 0 0 0 1.595 1.16l5.166.756a.53.53 0 0 1 .294.904l-3.736 3.638a2.123 2.123 0 0 0-.611 1.878l.882 5.14a.53.53 0 0 1-.771.56l-4.618-2.428a2.122 2.122 0 0 0-1.973 0L6.396 21.01a.53.53 0 0 1-.77-.56l.881-5.139a2.122 2.122 0 0 0-.611-1.879L2.16 9.795a.53.53 0 0 1 .294-.906l5.165-.755a2.122 2.122 0 0 0 1.597-1.16z"
            />
          </svg>
        </span>
        <p
          class="text-xs font-semibold text-foreground leading-tight"
        >
          5 Modules Completed
        </p>
        <p
          class="text-xs text-muted-foreground italic"
        >
          keepWorking
        </p>
      </div>
      <div
        aria-label="10 Modules Completed — notYetEarned"
        class="rounded-xl border p-4 flex flex-col items-center gap-2 text-center transition-opacity border-border/50 bg-muted/30 opacity-50"
      >
        <span
          class="flex items-center justify-center text-current"
        >
          <svg
            aria-hidden="true"
            class="lucide lucide-award"
            fill="none"
            height="22"
            stroke="currentColor"
            stroke-linecap="round"
            stroke-linejoin="round"
            stroke-width="2"
            viewBox="0 0 24 24"
            width="22"
            xmlns="http://www.w3.org/2000/svg"
          >
            <path
              d="m15.477 12.89 1.515 8.526a.5.5 0 0 1-.81.47l-3.58-2.687a1 1 0 0 0-1.197 0l-3.586 2.686a.5.5 0 0 1-.81-.469l1.514-8.526"
            />
            <circle
              cx="12"
              cy="8"
              r="6"
            />
          </svg>
        </span>
        <p
          class="text-xs font-semibold text-foreground leading-tight"
        >
          10 Modules Completed
        </p>
        <p
          class="text-xs text-muted-foreground italic"
        >
          keepWorking
        </p>
      </div>
      <div
        aria-label="All Modules Completed — notYetEarned"
        class="rounded-xl border p-4 flex flex-col items-center gap-2 text-center transition-opacity border-border/50 bg-muted/30 opacity-50"
      >
        <span
          class="flex items-center justify-center text-current"
        >
          <svg
            aria-hidden="true"
            class="lucide lucide-medal"
            fill="none"
            height="22"
            stroke="currentColor"
            stroke-linecap="round"
            stroke-linejoin="round"
            stroke-width="2"
            viewBox="0 0 24 24"
            width="22"
            xmlns="http://www.w3.org/2000/svg"
          >
            <path
              d="M7.21 15 2.66 7.14a2 2 0 0 1 .13-2.2L4.4 2.8A2 2 0 0 1 6 2h12a2 2 0 0 1 1.6.8l1.6 2.14a2 2 0 0 1 .14 2.2L16.79 15"
            />
            <path
              d="M11 12 5.12 2.2"
            />
            <path
              d="m13 12 5.88-9.8"
            />
            <path
              d="M8 7h8"
            />
            <circle
              cx="12"
              cy="17"
              r="5"
            />
            <path
              d="M12 18v-2h-.5"
            />
          </svg>
        </span>
        <p
          class="text-xs font-semibold text-foreground leading-tight"
        >
          All Modules Completed
        </p>
        <p
          class="text-xs text-muted-foreground italic"
        >
          keepWorking
        </p>
      </div>
      <div
        aria-label="CV Below 3% — 3 Months — notYetEarned"
        class="rounded-xl border p-4 flex flex-col items-center gap-2 text-center transition-opacity border-border/50 bg-muted/30 opacity-50"
      >
        <span
          class="flex items-center justify-center text-current"
        >
          <svg
            aria-hidden="true"
            class="lucide lucide-chart-line"
            fill="none"
            height="22"
            stroke="currentColor"
            stroke-linecap="round"
            stroke-linejoin="round"
            stroke-width="2"
            viewBox="0 0 24 24"
            width="22"
            xmlns="http://www.w3.org/2000/svg"
          >
            <path
              d="M3 3v16a2 2 0 0 0 2 2h16"
            />
            <path
              d="m19 9-5 5-4-4-3 3"
            />
          </svg>
        </span>
        <p
          class="text-xs font-semibold text-foreground leading-tight"
        >
          CV Below 3% — 3 Months
        </p>
        <p
          class="text-xs text-muted-foreground italic"
        >
          keepWorking
        </p>
      </div>
      <div
        aria-label="Zero Rejection Month — earned 2026-06-05T19:24:57.159Z"
        class="rounded-xl border p-4 flex flex-col items-center gap-2 text-center transition-opacity border-border bg-card shadow-sm"
      >
        <span
          class="flex items-center justify-center text-current"
        >
          <svg
            aria-hidden="true"
            class="lucide lucide-circle-check"
            fill="none"
            height="22"
            stroke="currentColor"
            stroke-linecap="round"
            stroke-linejoin="round"
            stroke-width="2"
            viewBox="0 0 24 24"
            width="22"
            xmlns="http://www.w3.org/2000/svg"
          >
            <circle
              cx="12"
              cy="12"
              r="10"
            />
            <path
              d="m9 12 2 2 4-4"
            />
          </svg>
        </span>
        <p
          class="text-xs font-semibold text-foreground leading-tight"
        >
          Zero Rejection Month
        </p>
        <p
          class="text-xs text-muted-foreground"
        >
          earned
           
          2026-06-05
        </p>
      </div>
      <div
        aria-label="Perfect Quality Quarter — notYetEarned"
        class="rounded-xl border p-4 flex flex-col items-center gap-2 text-center transition-opacity border-border/50 bg-muted/30 opacity-50"
      >
        <span
          class="flex items-center justify-center text-current"
        >
          <svg
            aria-hidden="true"
            class="lucide lucide-gem"
            fill="none"
            height="22"
            stroke="currentColor"
            stroke-linecap="round"
            stroke-linejoin="round"
            stroke-width="2"
            viewBox="0 0 24 24"
            width="22"
            xmlns="http://www.w3.org/2000/svg"
          >
            <path
              d="M10.5 3 8 9l4 13 4-13-2.5-6"
            />
            <path
              d="M17 3a2 2 0 0 1 1.6.8l3 4a2 2 0 0 1 .013 2.382l-7.99 10.986a2 2 0 0 1-3.247 0l-7.99-10.986A2 2 0 0 1 2.4 7.8l2.998-3.997A2 2 0 0 1 7 3z"
            />
            <path
              d="M2 9h20"
            />
          </svg>
        </span>
        <p
          class="text-xs font-semibold text-foreground leading-tight"
        >
          Perfect Quality Quarter
        </p>
        <p
          class="text-xs text-muted-foreground italic"
        >
          keepWorking
        </p>
      </div>
      <div
        aria-label="First Certification Milestone — notYetEarned"
        class="rounded-xl border p-4 flex flex-col items-center gap-2 text-center transition-opacity border-border/50 bg-muted/30 opacity-50"
      >
        <span
          class="flex items-center justify-center text-current"
        >
          <svg
            aria-hidden="true"
            class="lucide lucide-award"
            fill="none"
            height="22"
            stroke="currentColor"
            stroke-linecap="round"
            stroke-linejoin="round"
            stroke-width="2"
            viewBox="0 0 24 24"
            width="22"
            xmlns="http://www.w3.org/2000/svg"
          >
            <path
              d="m15.477 12.89 1.515 8.526a.5.5 0 0 1-.81.47l-3.58-2.687a1 1 0 0 0-1.197 0l-3.586 2.686a.5.5 0 0 1-.81-.469l1.514-8.526"
            />
            <circle
              cx="12"
              cy="8"
              r="6"
            />
          </svg>
        </span>
        <p
          class="text-xs font-semibold text-foreground leading-tight"
        >
          First Certification Milestone
        </p>
        <p
          class="text-xs text-muted-foreground italic"
        >
          keepWorking
        </p>
      </div>
    </div>
  </section>
</div>
`;
